============================================================
  Jarvis Phase 5 ù Operational Verification Suite
============================================================
[MEMORY] DB path: C:\Users\princ\AppData\Local\Temp\tmpejq45jzd.db
[MEMORY] PRAGMA database_list: seq=0 name=main file='C:\Users\princ\AppData\Local\Temp\tmpejq45jzd.db'
[MEMORY] Migrating schema 1.0 -> 2.0
[MEMORY] DB path: C:\Users\princ\AppData\Local\Temp\tmpejq45jzd.db
[MEMORY] PRAGMA database_list: seq=0 name=main file='C:\Users\princ\AppData\Local\Temp\tmpejq45jzd.db'
[2026-02-25 19:13:45] [INFO] Desktop notifications enabled (plyer available)
[2026-02-25 19:13:45] [INFO] Notification queue processor started
[VOICE] pyttsx3 not installed. TTS disabled.
[VOICE] speech_recognition not installed. STT disabled.
[2026-02-25 19:13:45] [WARNING] [BRAIN] Google dependencies missing. Integrations disabled.
[2026-02-25 19:13:45] [INFO] Brain initialized with provider: mock
[SERVER] Jarvis bridge running on http://127.0.0.1:51740

[1] /whoami as Owner
  [PASS] Status is 200
  [PASS] auth_type is owner_token
  [PASS] is_owner is True

[2] /debug/config as Owner
  [FAIL] Status is 200
  [FAIL] Contains db_path

[3] Device Registration and /whoami
  [PASS] Status is 200
  [PASS] auth_type is device_token
  [PASS] is_owner is False
  [PASS] device_id matches
  [PASS] device_role is operator

[4] /debug/config restricted for Device
  [PASS] Status is 403

[5] /activity/recent RBAC
  - Owner viewing all activity
  [PASS] Status is 200
  [PASS] Returns list
  - Device viewing own activity
  [PASS] Status is 200
  [PASS] Only own device entries returned
  - Device unauthorized device_id filter
  [PASS] Status is 403

[6] Revocation blocks /whoami
  [PASS] Status is 403 after revocation
python : Traceback (most recent call last):
At line:1 char:1
+ python scripts/verify_phase5_ops.py > test_output.txt 
2>&1; type test ...
+ ~~~~~~~~~~~~~~~~~~~~~~~~~~~~~~~~~~~~~~~~~~~~~~~~~~~~~~~~~~
    + CategoryInfo          : NotSpecified: (Traceback (mos 
   t recent call last)::String) [], RemoteException
    + FullyQualifiedErrorId : NativeCommandError
 
  File "C:\Users\princ\OneDrive\Desktop\jarvis\scripts\verif
y_phase5_ops.py", line 174, in <module>
    run_test()
    ~~~~~~~~^^
  File "C:\Users\princ\OneDrive\Desktop\jarvis\scripts\verif
y_phase5_ops.py", line 167, in run_test
    os.unlink(test_db)
    ~~~~~~~~~^^^^^^^^^
PermissionError: [WinError 32] The process cannot access 
the file because it is being used by another process: 
'C:\\Users\\princ\\AppData\\Local\\Temp\\tmpejq45jzd.db'
